// Jest Snapshot v1, https://goo.gl/fbAQLP

exports[`Ads hope doing well on Composing component 1`] = `<Component />`;
