// Jest Snapshot v1, https://goo.gl/fbAQLP

exports[`Card hope doing well Card 1`] = `
<div
  className="card job-detail"
  style={
    Object {
      "margin": "0 0 20px 0",
    }
  }
>
  <div
    className="card-body"
  >
    <h1>
      Mock
    </h1>
  </div>
</div>
`;
