// Jest Snapshot v1, https://goo.gl/fbAQLP

exports[`Loader hope doing well Loader 1`] = `
<div
  className="centered text-center"
  style={
    Object {
      "top": "200px",
    }
  }
>
  <svg
    className="spinner"
    height="65px"
    viewBox="0 0 66 66"
    width="65px"
    xmlns="http://www.w3.org/2000/svg"
  >
    <circle
      className="path"
      cx="33"
      cy="33"
      fill="none"
      r="30"
      strokeLinecap="round"
      strokeWidth="6"
    />
  </svg>
</div>
`;
