// Jest Snapshot v1, https://goo.gl/fbAQLP

exports[`TopNav hope doing well TopNav 1`] = `
<nav
  className="navbar navbar-expand-lg navbar-light bg-danger"
>
  <div
    className="container"
  >
    <Link
      className="navbar-brand"
      replace={false}
      to="/"
    >
      <img
        src="test-file-stub"
        width="120px"
      />
    </Link>
    <button
      aria-controls="navbarSupportedContent"
      aria-expanded="false"
      aria-label="Toggle navigation"
      className="navbar-toggler"
      data-target="#navbarSupportedContent"
      data-toggle="collapse"
      type="button"
    >
      <span
        className="navbar-toggler-icon"
      />
    </button>
    <div
      className="collapse navbar-collapse"
      id="navbarSupportedContent"
    >
      <ul
        className="navbar-nav mr-auto"
      >
        <li
          className="nav-item active"
        >
          <Link
            className="nav-link"
            replace={false}
            to="/"
          >
            Keseluruhan Kerja
          </Link>
        </li>
      </ul>
    </div>
  </div>
</nav>
`;
